mc_api.c:69:13:MC_StartMotor1	0	static
mc_api.c:89:13:MC_StopMotor1	0	static
mc_api.c:125:13:MC_ProgramSpeedRampMotor1	0	static
mc_api.c:161:13:MC_ProgramTorqueRampMotor1	0	static
mc_api.c:188:13:MC_ProgramPositionCommandMotor1	0	static
mc_api.c:213:13:MC_SetCurrentReferenceMotor1	8	static
mc_api.c:229:28:MC_GetCommandStateMotor1	0	static
mc_api.c:244:13:MC_StopSpeedRampMotor1	0	static
mc_api.c:255:13:MC_StopRampMotor1	0	static
mc_api.c:263:13:MC_HasRampCompletedMotor1	0	static
mc_api.c:271:16:MC_GetMecSpeedReferenceMotor1	0	static
mc_api.c:279:16:MC_GetMecSpeedAverageMotor1	0	static
mc_api.c:287:16:MC_GetLastRampFinalSpeedMotor1	0	static
mc_api.c:295:23:MC_GetControlModeMotor1	0	static
mc_api.c:311:16:MC_GetImposedDirectionMotor1	0	static
mc_api.c:319:13:MC_GetSpeedSensorReliabilityMotor1	0	static
mc_api.c:334:16:MC_GetPhaseCurrentAmplitudeMotor1	0	static
mc_api.c:349:16:MC_GetPhaseVoltageAmplitudeMotor1	0	static
mc_api.c:357:13:MC_GetIabMotor1	8	static
mc_api.c:365:20:MC_GetIalphabetaMotor1	8	static
mc_api.c:373:13:MC_GetIqdMotor1	8	static
mc_api.c:381:13:MC_GetIqdrefMotor1	8	static
mc_api.c:389:13:MC_GetVqdMotor1	8	static
mc_api.c:397:20:MC_GetValphabetaMotor1	8	static
mc_api.c:405:16:MC_GetElAngledppMotor1	0	static
mc_api.c:413:16:MC_GetTerefMotor1	0	static
mc_api.c:427:13:MC_SetIdrefMotor1	0	static
mc_api.c:440:13:MC_Clear_IqdrefMotor1	0	static
mc_api.c:465:13:MC_AlignEncoderMotor1	0	static
mc_api.c:478:13:MC_AcknowledgeFaultMotor1	0	static
mc_api.c:492:17:MC_GetOccurredFaultsMotor1	0	static
mc_api.c:506:17:MC_GetCurrentFaultsMotor1	0	static
mc_api.c:514:17:MC_GetSTMStateMotor1	0	static
mc_api.c:522:25:MC_GetControlPositionStatusMotor1	0	static
mc_api.c:530:23:MC_GetAlignmentStatusMotor1	0	static
mc_api.c:538:14:MC_GetCurrentPosition1	0	static
mc_api.c:546:14:MC_GetTargetPosition1	0	static
mc_api.c:554:14:MC_GetMoveDuration1	0	static
