mc_tasks.c:564:13:FOC_Clear	24	static
mc_tasks.c:128:13:MCboot	80	static
mc_tasks.c:600:13:FOC_InitAdditionalMethods	0	static
mc_tasks.c:617:13:FOC_CalcCurrRef	8	static
mc_tasks.c:640:13:TSK_SetChargeBootCapDelayM1	0	static
mc_tasks.c:651:13:TSK_ChargeBootCapDelayHasElapsedM1	0	static
mc_tasks.c:667:13:TSK_SetStopPermanencyTimeM1	0	static
mc_tasks.c:678:13:TSK_StopPermanencyTimeHasElapsedM1	0	static
mc_tasks.c:343:13:TSK_MediumFrequencyTaskM1	16	static
mc_tasks.c:298:13:MC_Scheduler	16	static
mc_tasks.c:703:16:TSK_HighFrequencyTask	48	static
mc_tasks.c:817:13:TSK_SafetyTask_PWMOFF	24	static
mc_tasks.c:795:13:TSK_SafetyTask	8	static
mc_tasks.c:278:13:MC_RunMotorControlTasks	8	static
mc_tasks.c:873:23:GetMCI	0	static
mc_tasks.c:892:22:GetMCT	0	static
mc_tasks.c:908:13:TSK_HardwareFaultTask	8	static
mc_tasks.c:923:13:mc_lock_pins	104	static
