motor_control_protocol.c:162:13:MCP_ReceivedFrame	72	static
motor_control_protocol.c:134:13:MCP_WaitNextFrame	8	static
motor_control_protocol.c:99:13:MCP_Init	32	static
motor_control_protocol.c:124:13:MCP_OnTimeOut	8	static
motor_control_protocol.c:149:13:MCP_SentFrame	8	static
motor_control_protocol.c:623:13:MCP_SendOverrunMessage	16	static
motor_control_protocol.c:634:13:MCP_SendTimeoutMessage	16	static
motor_control_protocol.c:645:13:MCP_SendATRMessage	56	static
motor_control_protocol.c:686:13:MCP_SendBadCRCMessage	16	static
