stm32g4xx_hal_msp.c:65:6:HAL_MspInit	16	static
stm32g4xx_hal_msp.c:95:6:HAL_ADC_MspInit	64	static
stm32g4xx_hal_msp.c:164:6:HAL_ADC_MspDeInit	8	static
stm32g4xx_hal_msp.c:238:6:HAL_COMP_MspInit	48	static
stm32g4xx_hal_msp.c:307:6:HAL_COMP_MspDeInit	0	static
stm32g4xx_hal_msp.c:363:6:HAL_CORDIC_MspInit	8	static
stm32g4xx_hal_msp.c:385:6:HAL_CORDIC_MspDeInit	0	static
stm32g4xx_hal_msp.c:407:6:HAL_DAC_MspInit	8	static
stm32g4xx_hal_msp.c:429:6:HAL_DAC_MspDeInit	0	static
stm32g4xx_hal_msp.c:451:6:HAL_OPAMP_MspInit	48	static
stm32g4xx_hal_msp.c:526:6:HAL_OPAMP_MspDeInit	0	static
stm32g4xx_hal_msp.c:588:6:HAL_TIM_Base_MspInit	8	static
stm32g4xx_hal_msp.c:604:6:HAL_TIM_MspPostInit	64	static
stm32g4xx_hal_msp.c:657:6:HAL_TIM_Base_MspDeInit	8	static
stm32g4xx_hal_msp.c:683:6:HAL_UART_MspInit	48	static
stm32g4xx_hal_msp.c:719:6:HAL_UART_MspDeInit	8	static
